Results:
3.1: 1
.14: 1
141: 2
415: 2
159: 3
592: 2
926: 1
265: 1
653: 1
535: 2
358: 1
589: 2
897: 1
979: 1
793: 3
932: 2
323: 1
238: 2
384: 4
846: 3
462: 3
626: 1
264: 2
643: 3
433: 2
338: 1
383: 1
832: 1
327: 1
279: 3
795: 1
950: 2
502: 3
028: 2
288: 3
884: 1
841: 3
419: 1
197: 1
971: 1
716: 1
169: 1
693: 1
939: 1
399: 1
993: 1
937: 2
375: 2
751: 2
510: 2
105: 5
058: 2
582: 2
820: 2
209: 3
097: 2
974: 1
749: 2
494: 2
944: 1
445: 2
459: 2
923: 3
230: 3
307: 1
078: 1
781: 2
816: 2
164: 2
640: 2
406: 2
062: 1
628: 4
286: 2
862: 2
620: 1
208: 2
089: 1
899: 1
998: 2
986: 2
280: 1
803: 1
034: 3
348: 2
482: 3
825: 3
253: 4
534: 4
342: 2
421: 1
211: 3
117: 4
170: 1
706: 1
067: 1
679: 1
798: 2
982: 2
821: 2
214: 2
148: 1
480: 2
808: 1
086: 3
865: 2
651: 1
513: 2
132: 2
328: 2
282: 2
823: 3
306: 1
066: 3
664: 3
647: 1
470: 1
709: 1
093: 1
938: 3
844: 2
446: 5
460: 2
609: 5
095: 1
955: 1
550: 1
505: 1
822: 1
223: 2
231: 1
317: 3
172: 1
725: 1
359: 2
594: 2
940: 2
408: 1
081: 1
812: 2
128: 2
284: 3
848: 1
481: 2
811: 1
111: 2
174: 2
745: 1
450: 1
410: 1
102: 1
027: 2
270: 2
701: 1
019: 5
193: 3
385: 1
852: 1
521: 2
110: 1
055: 1
555: 1
559: 1
596: 1
964: 2
644: 2
622: 1
229: 1
294: 1
948: 1
489: 2
895: 1
954: 1
549: 2
493: 1
930: 1
303: 2
038: 1
381: 4
819: 2
196: 2
442: 1
428: 2
881: 4
810: 1
109: 1
975: 1
756: 2
566: 3
665: 2
659: 1
593: 2
933: 1
334: 2
344: 3
461: 1
612: 1
847: 1
475: 1
564: 2
648: 3
233: 1
337: 1
378: 3
786: 1
867: 1
678: 2
783: 2
831: 1
316: 1
165: 1
652: 2
527: 2
271: 2
712: 2
120: 1
201: 3
190: 2
909: 2
091: 3
914: 3
145: 2
456: 1
485: 1
856: 1
669: 3
692: 1
234: 1
346: 2
603: 1
486: 1
861: 2
610: 1
104: 1
045: 1
454: 1
543: 1
432: 1
326: 2
266: 1
213: 3
133: 2
339: 1
393: 1
936: 1
360: 2
607: 1
072: 2
726: 1
260: 1
602: 2
024: 2
249: 2
491: 2
412: 1
127: 2
273: 1
737: 2
372: 2
724: 2
245: 1
458: 1
587: 2
870: 2
700: 1
006: 1
660: 1
606: 1
063: 1
631: 2
315: 1
155: 1
558: 1
588: 1
817: 2
748: 2
488: 2
815: 2
152: 1
520: 1
092: 3
920: 1
096: 2
962: 2
829: 1
292: 1
925: 3
254: 1
540: 1
409: 2
917: 2
171: 5
715: 1
153: 1
536: 1
364: 1
436: 1
367: 2
789: 2
892: 3
259: 1
590: 2
903: 1
036: 2
600: 1
001: 2
011: 2
113: 2
330: 2
305: 3
053: 3
530: 2
054: 1
548: 2
882: 2
204: 1
046: 1
466: 1
138: 1
414: 1
146: 3
469: 2
695: 1
951: 2
519: 2
194: 2
941: 1
151: 1
511: 2
116: 1
160: 2
094: 2
943: 2
057: 1
572: 1
727: 1
703: 1
365: 1
657: 1
575: 2
759: 2
595: 3
959: 2
591: 1
919: 1
195: 3
953: 2
309: 2
921: 3
218: 1
186: 1
611: 4
173: 3
738: 1
261: 2
179: 2
931: 3
310: 1
051: 3
118: 2
185: 3
854: 1
807: 1
074: 1
744: 1
623: 1
237: 1
379: 1
799: 1
996: 2
627: 1
274: 1
495: 3
956: 3
567: 1
673: 2
735: 1
351: 1
518: 2
188: 2
885: 1
857: 3
752: 3
272: 1
248: 1
891: 1
912: 2
122: 3
227: 2
818: 3
183: 1
830: 2
301: 2
119: 2
949: 2
129: 2
298: 1
983: 2
833: 1
336: 2
733: 1
362: 2
624: 1
244: 2
440: 2
065: 1
656: 1
430: 2
308: 2
860: 2
021: 3
139: 1
394: 1
946: 1
463: 1
639: 1
395: 1
952: 1
522: 2
224: 2
247: 1
473: 2
371: 3
719: 1
907: 1
070: 1
702: 2
217: 3
437: 1
370: 1
277: 2
770: 1
705: 1
539: 1
392: 1
717: 3
176: 2
762: 1
629: 2
293: 1
767: 1
675: 1
523: 1
467: 2
674: 1
184: 1
676: 1
766: 3
694: 1
405: 1
320: 2
200: 1
000: 2
005: 1
056: 1
568: 1
681: 1
714: 1
452: 1
526: 2
263: 1
635: 1
356: 1
560: 1
608: 2
082: 2
827: 1
778: 4
785: 1
577: 4
771: 2
713: 2
134: 2
427: 1
275: 1
757: 1
896: 1
960: 3
736: 1
363: 1
637: 1
178: 1
787: 3
872: 1
721: 2
468: 3
684: 1
090: 1
901: 1
012: 1
343: 1
014: 1
465: 1
654: 1
958: 1
585: 1
853: 1
537: 2
710: 2
050: 1
507: 1
079: 1
792: 1
922: 1
796: 1
968: 1
689: 1
258: 1
235: 2
354: 1
542: 1
420: 3
199: 1
995: 2
561: 1
112: 1
121: 1
212: 1
290: 1
902: 1
219: 1
864: 1
403: 1
441: 1
418: 1
181: 1
598: 2
981: 1
813: 1
136: 1
297: 2
977: 1
774: 1
747: 1
477: 1
130: 2
099: 1
605: 1
187: 1
707: 1
349: 2
499: 2
999: 4
837: 1
729: 1
978: 1
780: 2
804: 1
049: 1
059: 1
597: 1
973: 1
731: 2
732: 1
281: 1
963: 1
318: 1
859: 1
945: 1
455: 1
553: 1
690: 1
908: 1
083: 2
302: 1
026: 1
642: 2
425: 1
252: 1
533: 2
685: 1
850: 1
503: 1
035: 2
352: 1
619: 1
311: 2
101: 1
010: 1
100: 1
003: 1
031: 1
313: 1
137: 1
838: 2
387: 1
875: 4
528: 1
886: 1
658: 1
753: 1
332: 1
814: 1
142: 1
206: 1
061: 1
617: 1
177: 1
776: 1
691: 1
147: 1
730: 1
490: 1
904: 1
042: 1
287: 1
755: 1
554: 1
546: 1
687: 1
873: 1
115: 1
562: 1
863: 1
638: 1
388: 1
353: 1
957: 1
805: 1
532: 1
321: 1
226: 1
268: 1
680: 1
806: 1
661: 2
613: 1
300: 1
192: 1
927: 1
278: 1
876: 1
216: 1
198: 1
989: 1
